// Jest Snapshot v1, https://goo.gl/fbAQLP

exports[`should render correctly 1`] = `
<div>
  <div
    class="sc-bdVaJa jtTGud"
    data-testid="PuzzleItemsContainer"
  >
    <div
      class="sc-bwzfXH htoLMg"
      data-testid="PuzzleItemsBox"
    >
      <div
        class="sc-htpNat kpakhc"
        data-testid="DragItemsContainer"
      >
        <div
          class="sc-bxivhb jzQETv"
        >
          HÁLIMYNDIR
        </div>
        <div
          class="sc-ifAKCX kTUJEl"
        >
          <div
            class="drag1 sc-EHOje diopkM"
          >
            Loading...
          </div>
          <div
            class="drag2 sc-EHOje diopkM"
          />
          <div
            class="drag3 sc-EHOje diopkM"
          />
          <div
            class="drag4 sc-EHOje diopkM"
          />
        </div>
      </div>
      <div
        class="sc-gZMcBi bBIOQV"
        data-testid="TargetItemsContainer"
      >
        <div
          class="sc-gqjmRU kctfeU"
        >
          MÁLSKIVUMYNDIR
        </div>
        <div
          class="sc-VigVT dxKgRr"
        >
          <div
            class="target1 sc-jTzLTM cHMuKX"
          >
            Loading...
          </div>
          <div
            class="target2 sc-jTzLTM cHMuKX"
          />
          <div
            class="target3 sc-jTzLTM cHMuKX"
          />
          <div
            class="target4 sc-jTzLTM cHMuKX"
          />
        </div>
      </div>
    </div>
  </div>
</div>
`;
