// Jest Snapshot v1, https://goo.gl/fbAQLP

exports[`should render correctly 1`] = `
<div>
  <div
    class="sc-bdVaJa lhXlbL"
    data-testid="PuzzleItemsContainer"
  >
    <div
      class="sc-bwzfXH htoLMg"
      data-testid="PuzzleItemsBox"
    >
      <div
        class="sc-htpNat fdfuso"
        data-testid="DragItemsContainer"
      >
        <div
          class="drag1 sc-bxivhb kHGHfL"
        >
          Loading...
        </div>
        <div
          class="drag2 sc-bxivhb kHGHfL"
        />
        <div
          class="drag3 sc-bxivhb kHGHfL"
        />
        <div
          class="drag4 sc-bxivhb kHGHfL"
        />
      </div>
      <div
        class="sc-gZMcBi ggQDYT"
        data-testid="TargetItemsContainer"
      >
        <div
          class="target1 sc-gqjmRU hygCTt"
        >
          Loading...
        </div>
        <div
          class="target2 sc-gqjmRU hygCTt"
        />
        <div
          class="target3 sc-gqjmRU hygCTt"
        />
        <div
          class="target4 sc-gqjmRU hygCTt"
        />
      </div>
    </div>
    <div
      class="sc-kgoBCf INKp"
      data-testid="PuzzleItemPropertiesContainer"
    >
      <img
        class="sc-kGXeez fqVwMj"
        data-testid="PuzzleItemPropertiesImage"
        src="https://via.placeholder.com/640x200?text=PuzzleItemProperties"
      />
    </div>
  </div>
</div>
`;
