// Jest Snapshot v1, https://goo.gl/fbAQLP

exports[`should render correctly 1`] = `
<div>
  <div
    class="sc-bdVaJa lhXlbL"
    data-testid="PuzzleItemsContainer"
  >
    <div
      class="sc-bwzfXH fpBhud"
      data-testid="PuzzleItemsBox"
    >
      <div
        class="sc-htpNat bwqrCF"
        data-testid="DragItemsContainer"
      >
        Loading...
      </div>
      <div
        class="sc-ifAKCX dQIIsA"
        data-testid="DragLogicsContainer"
      >
        <img
          class="sc-EHOje jvzENE"
          data-testid="DragLogicsImage"
          src="https://via.placeholder.com/200x800?text=Logic"
        />
      </div>
      <div
        class="sc-bZQynM cMuJCZ"
        data-testid="TargetItemsContainer"
      >
        Loading...
      </div>
    </div>
    <div
      class="sc-htoDjs blUkJN"
      data-testid="PuzzleItemPropertiesContainer"
    >
      <img
        class="sc-dnqmqq hJxOZJ"
        data-testid="PuzzleItemPropertiesImage"
        src="https://via.placeholder.com/640x200?text=PuzzleItemProperties"
      />
    </div>
  </div>
</div>
`;
