// Jest Snapshot v1, https://goo.gl/fbAQLP

exports[`should render correctly 1`] = `
<div>
  <div
    class="target0 sc-bdVaJa gxvLGW"
    data-testid="TargetItemContainer"
    id="target0"
  >
    <form
      class="sc-bwzfXH eVbLsU"
    >
      <div
        class="sc-htpNat hccyqP"
      >
        LÝSING AV MÁLSKIVUMYND 
        0
      </div>
      <input
        class="sc-bxivhb gsEoFf"
        name="itemName"
        type="text"
        value="dummy name"
      />
      <div
        class="sc-htpNat hccyqP"
      >
        TEKSTUR
      </div>
      <input
        class="sc-bxivhb gsEoFf"
        name="itemText"
        type="text"
        value="dummy bubble text"
      />
    </form>
  </div>
</div>
`;
