// Jest Snapshot v1, https://goo.gl/fbAQLP

exports[`should render correctly 1`] = `
<div>
  <div
    class="sc-bdVaJa kQBxpG"
    data-testid="PuzzleContainer"
  >
    <form
      class="sc-bwzfXH iYKgxb"
    >
      <div
        class="sc-htpNat hccyqP"
      >
        PUZZLE 
        1
      </div>
      <input
        class="sc-ifAKCX fKnQnD"
        name="summary"
        type="text"
        value="Lorum ipsum"
      />
      <div
        class="sc-htpNat hccyqP"
      >
        AUDIOFILE
      </div>
      <div
        class="sc-bxivhb ciyjik"
      >
        dummyfile
      </div>
      <div
        class="sc-htpNat hccyqP"
      >
        CHARACTER
      </div>
      <div
        class="sc-bxivhb ciyjik"
      >
        dummycharacer
      </div>
    </form>
    <div
      class="sc-EHOje exxHXC"
    >
      &gt;
    </div>
  </div>
</div>
`;
