// Jest Snapshot v1, https://goo.gl/fbAQLP

exports[`should render correctly 1`] = `
<div>
  <div
    class="sc-bdVaJa ckVdX"
    data-testid="PuzzleContainer"
  >
    <form
      class="sc-bwzfXH iYKgxb"
    >
      <div
        class="sc-htpNat hccyqP"
      >
        PUZZLE 
        1
      </div>
      <textarea
        class="sc-EHOje cNGKRd"
        name="summary"
        rows="3"
      >
        Lorum ipsum
      </textarea>
      <div
        class="sc-htpNat hccyqP"
      >
        AUDIOFILE
      </div>
      <input
        class="sc-ifAKCX hcaYub"
        name="audiofile"
        type="text"
        value="dummyfile"
      />
      <div
        class="sc-htpNat hccyqP"
      >
        CHARACTER
      </div>
      <div
        class="sc-bxivhb ewohWO"
      >
        dummycharacer
      </div>
    </form>
    <div
      class="sc-bZQynM gXQNYs"
    >
      &gt;
    </div>
  </div>
</div>
`;
