// Jest Snapshot v1, https://goo.gl/fbAQLP

exports[`should render correctly 1`] = `
<div>
  <div
    class="drag0 sc-bdVaJa ibIzgX"
    data-testid="DragItemContainer"
    id="drag0"
  >
    <img
      class="sc-bwzfXH giWGMM"
      data-testid="DragItemsImage"
      src="images/puzzleitems/dummy.png"
    />
  </div>
</div>
`;
