// Jest Snapshot v1, https://goo.gl/fbAQLP

exports[`should render correctly 1`] = `
<div>
  <div
    class="drag0 sc-bdVaJa dStajN"
    data-testid="DragItemContainer"
    id="drag0"
  >
    <div
      class="sc-bwzfXH hpDuqD"
    >
      <img
        class="sc-htpNat hVdzGR"
        data-testid="DragItemsImage"
        src="images/puzzleitems/dummyimage.png"
      />
      <div
        class="sc-bxivhb iEkCAb"
      >
        <div
          class="sc-ifAKCX dXqqR"
        >
          Bubble text
        </div>
        <div
          class="sc-EHOje jZKflx"
        >
          dummy bubble text
        </div>
      </div>
    </div>
    <div
      class="sc-bZQynM gIlXqS"
    >
      <div
        class="sc-ifAKCX dXqqR"
      >
        Name
      </div>
      <div
        class="sc-EHOje jZKflx"
      >
        dummy name
      </div>
      <div
        class="sc-ifAKCX dXqqR"
      >
        Image file
      </div>
      <div
        class="sc-EHOje jZKflx"
      >
        dummyimage.png
      </div>
      <div
        class="sc-ifAKCX dXqqR"
      >
        Wait
      </div>
      <div
        class="sc-gzVnrw kvhoeX"
      >
        <div
          class="sc-htoDjs dLYCCT"
          data-testid="toggle"
          width="40"
        >
          <div
            class="sc-dnqmqq iFylYB"
            width="40"
          />
          <div
            class="sc-iwsKbI XkTqM"
            width="40"
          />
        </div>
      </div>
    </div>
  </div>
</div>
`;
