// Jest Snapshot v1, https://goo.gl/fbAQLP

exports[`should render correctly 1`] = `
<div>
  <div
    class="drag0 sc-bdVaJa fBOIxN"
    data-testid="DragItemContainer"
    id="drag0"
  >
    <form
      class="sc-bwzfXH iYKgxb"
    >
      <div
        class="sc-htpNat ibokuz"
      >
        <img
          class="sc-bxivhb cgqVai"
          data-testid="DragItemsImage"
          src="images/puzzleitems/dummyimage.png"
        />
        <div
          class="sc-ifAKCX JBEal"
        >
          <div
            class="sc-EHOje cKywGb"
          >
            Bubble text
          </div>
          <div
            class="sc-bZQynM NSNHQ"
          >
            dummy bubble text
          </div>
        </div>
      </div>
      <div
        class="sc-gzVnrw fXgyNi"
      >
        <div
          class="sc-EHOje cKywGb"
        >
          Name
        </div>
        <div
          class="sc-bZQynM NSNHQ"
        >
          dummy name
        </div>
        <div
          class="sc-EHOje cKywGb"
        >
          Image file
        </div>
        <div
          class="sc-bZQynM NSNHQ"
        >
          dummyimage.png
        </div>
        <div
          class="sc-EHOje cKywGb"
        >
          Wait
        </div>
        <div
          class="sc-htoDjs ilsOVI"
        >
          <div
            class="sc-dnqmqq hYKWMG"
            data-testid="toggle"
            width="40"
          >
            <div
              class="sc-iwsKbI hCqYwb"
              width="40"
            />
            <div
              class="sc-gZMcBi gLIrsm"
              width="40"
            />
          </div>
        </div>
      </div>
    </form>
  </div>
</div>
`;
