// Jest Snapshot v1, https://goo.gl/fbAQLP

exports[`should render correctly 1`] = `
<div>
  <div
    class="sc-bdVaJa cyzjzt"
    data-testid="PuzzleItemPropertiesContainer"
  >
    <img
      class="sc-bwzfXH bFHdpU"
      data-testid="PuzzleItemPropertiesImage"
      src="https://via.placeholder.com/640x200?text=PuzzleItemProperties"
    />
  </div>
</div>
`;
