// Jest Snapshot v1, https://goo.gl/fbAQLP

exports[`should render correctly 1`] = `
<div>
  <div
    class="sc-bdVaJa dUCXaL"
    data-testid="DragLogicsContainer"
  >
    <img
      class="sc-bwzfXH uTxCW"
      data-testid="DragLogicsImage"
      src="https://via.placeholder.com/200x800?text=Logic"
    />
  </div>
</div>
`;
