// Jest Snapshot v1, https://goo.gl/fbAQLP

exports[`SceneList should render correctly 1`] = `
ShallowWrapper {
  Symbol(enzyme.__root__): [Circular],
  Symbol(enzyme.__unrendered__): <SceneList />,
  Symbol(enzyme.__renderer__): Object {
    "batchedUpdates": [Function],
    "checkPropTypes": [Function],
    "getNode": [Function],
    "render": [Function],
    "simulateError": [Function],
    "simulateEvent": [Function],
    "unmount": [Function],
  },
  Symbol(enzyme.__node__): Object {
    "instance": null,
    "key": undefined,
    "nodeType": "function",
    "props": Object {
      "children": Array [
        <Scene
          scene={
            Object {
              "id": 1,
              "image_filename": "køkurin.png",
              "initial_puzzle_id": 1,
              "sequence": 1,
              "title": "køkurin",
            }
          }
        />,
        <Scene
          scene={
            Object {
              "id": 2,
              "image_filename": "sovikamarið.png",
              "initial_puzzle_id": 10,
              "sequence": 2,
              "title": "sovikamarið",
            }
          }
        />,
        <Scene
          scene={
            Object {
              "id": 3,
              "image_filename": "vesið.png",
              "initial_puzzle_id": 13,
              "sequence": 3,
              "title": "vesið",
            }
          }
        />,
        <Scene
          scene={
            Object {
              "id": 4,
              "image_filename": "spælikamarið.png",
              "initial_puzzle_id": 16,
              "sequence": 4,
              "title": "spælikamarið",
            }
          }
        />,
        <Scene
          scene={
            Object {
              "id": 5,
              "image_filename": "gongin.png",
              "initial_puzzle_id": 19,
              "sequence": 5,
              "title": "gongin",
            }
          }
        />,
        <Scene
          scene={
            Object {
              "id": 7,
              "image_filename": "fjósið.png",
              "initial_puzzle_id": 25,
              "sequence": 7,
              "title": "fjósið",
            }
          }
        />,
        <Scene
          scene={
            Object {
              "id": 8,
              "image_filename": "hjallurin.png",
              "initial_puzzle_id": 28,
              "sequence": 8,
              "title": "hjallurin",
            }
          }
        />,
      ],
    },
    "ref": null,
    "rendered": Array [
      Object {
        "instance": null,
        "key": "0",
        "nodeType": "function",
        "props": Object {
          "scene": Object {
            "id": 1,
            "image_filename": "køkurin.png",
            "initial_puzzle_id": 1,
            "sequence": 1,
            "title": "køkurin",
          },
        },
        "ref": null,
        "rendered": null,
        "type": [Function],
      },
      Object {
        "instance": null,
        "key": "1",
        "nodeType": "function",
        "props": Object {
          "scene": Object {
            "id": 2,
            "image_filename": "sovikamarið.png",
            "initial_puzzle_id": 10,
            "sequence": 2,
            "title": "sovikamarið",
          },
        },
        "ref": null,
        "rendered": null,
        "type": [Function],
      },
      Object {
        "instance": null,
        "key": "2",
        "nodeType": "function",
        "props": Object {
          "scene": Object {
            "id": 3,
            "image_filename": "vesið.png",
            "initial_puzzle_id": 13,
            "sequence": 3,
            "title": "vesið",
          },
        },
        "ref": null,
        "rendered": null,
        "type": [Function],
      },
      Object {
        "instance": null,
        "key": "3",
        "nodeType": "function",
        "props": Object {
          "scene": Object {
            "id": 4,
            "image_filename": "spælikamarið.png",
            "initial_puzzle_id": 16,
            "sequence": 4,
            "title": "spælikamarið",
          },
        },
        "ref": null,
        "rendered": null,
        "type": [Function],
      },
      Object {
        "instance": null,
        "key": "4",
        "nodeType": "function",
        "props": Object {
          "scene": Object {
            "id": 5,
            "image_filename": "gongin.png",
            "initial_puzzle_id": 19,
            "sequence": 5,
            "title": "gongin",
          },
        },
        "ref": null,
        "rendered": null,
        "type": [Function],
      },
      Object {
        "instance": null,
        "key": "5",
        "nodeType": "function",
        "props": Object {
          "scene": Object {
            "id": 7,
            "image_filename": "fjósið.png",
            "initial_puzzle_id": 25,
            "sequence": 7,
            "title": "fjósið",
          },
        },
        "ref": null,
        "rendered": null,
        "type": [Function],
      },
      Object {
        "instance": null,
        "key": "6",
        "nodeType": "function",
        "props": Object {
          "scene": Object {
            "id": 8,
            "image_filename": "hjallurin.png",
            "initial_puzzle_id": 28,
            "sequence": 8,
            "title": "hjallurin",
          },
        },
        "ref": null,
        "rendered": null,
        "type": [Function],
      },
    ],
    "type": Object {
      "$$typeof": Symbol(react.forward_ref),
      "attrs": Array [],
      "componentStyle": ComponentStyle {
        "componentId": "sc-bxivhb",
        "isStatic": true,
        "rules": Array [
          "
  overflow: auto;  
",
        ],
      },
      "displayName": "SceneListContainer",
      "foldedComponentIds": Array [],
      "render": [Function],
      "styledComponentId": "sc-bxivhb",
      "target": "div",
      "toString": [Function],
      "warnTooManyClasses": [Function],
      "withComponent": [Function],
    },
  },
  Symbol(enzyme.__nodes__): Array [
    Object {
      "instance": null,
      "key": undefined,
      "nodeType": "function",
      "props": Object {
        "children": Array [
          <Scene
            scene={
              Object {
                "id": 1,
                "image_filename": "køkurin.png",
                "initial_puzzle_id": 1,
                "sequence": 1,
                "title": "køkurin",
              }
            }
          />,
          <Scene
            scene={
              Object {
                "id": 2,
                "image_filename": "sovikamarið.png",
                "initial_puzzle_id": 10,
                "sequence": 2,
                "title": "sovikamarið",
              }
            }
          />,
          <Scene
            scene={
              Object {
                "id": 3,
                "image_filename": "vesið.png",
                "initial_puzzle_id": 13,
                "sequence": 3,
                "title": "vesið",
              }
            }
          />,
          <Scene
            scene={
              Object {
                "id": 4,
                "image_filename": "spælikamarið.png",
                "initial_puzzle_id": 16,
                "sequence": 4,
                "title": "spælikamarið",
              }
            }
          />,
          <Scene
            scene={
              Object {
                "id": 5,
                "image_filename": "gongin.png",
                "initial_puzzle_id": 19,
                "sequence": 5,
                "title": "gongin",
              }
            }
          />,
          <Scene
            scene={
              Object {
                "id": 7,
                "image_filename": "fjósið.png",
                "initial_puzzle_id": 25,
                "sequence": 7,
                "title": "fjósið",
              }
            }
          />,
          <Scene
            scene={
              Object {
                "id": 8,
                "image_filename": "hjallurin.png",
                "initial_puzzle_id": 28,
                "sequence": 8,
                "title": "hjallurin",
              }
            }
          />,
        ],
      },
      "ref": null,
      "rendered": Array [
        Object {
          "instance": null,
          "key": "0",
          "nodeType": "function",
          "props": Object {
            "scene": Object {
              "id": 1,
              "image_filename": "køkurin.png",
              "initial_puzzle_id": 1,
              "sequence": 1,
              "title": "køkurin",
            },
          },
          "ref": null,
          "rendered": null,
          "type": [Function],
        },
        Object {
          "instance": null,
          "key": "1",
          "nodeType": "function",
          "props": Object {
            "scene": Object {
              "id": 2,
              "image_filename": "sovikamarið.png",
              "initial_puzzle_id": 10,
              "sequence": 2,
              "title": "sovikamarið",
            },
          },
          "ref": null,
          "rendered": null,
          "type": [Function],
        },
        Object {
          "instance": null,
          "key": "2",
          "nodeType": "function",
          "props": Object {
            "scene": Object {
              "id": 3,
              "image_filename": "vesið.png",
              "initial_puzzle_id": 13,
              "sequence": 3,
              "title": "vesið",
            },
          },
          "ref": null,
          "rendered": null,
          "type": [Function],
        },
        Object {
          "instance": null,
          "key": "3",
          "nodeType": "function",
          "props": Object {
            "scene": Object {
              "id": 4,
              "image_filename": "spælikamarið.png",
              "initial_puzzle_id": 16,
              "sequence": 4,
              "title": "spælikamarið",
            },
          },
          "ref": null,
          "rendered": null,
          "type": [Function],
        },
        Object {
          "instance": null,
          "key": "4",
          "nodeType": "function",
          "props": Object {
            "scene": Object {
              "id": 5,
              "image_filename": "gongin.png",
              "initial_puzzle_id": 19,
              "sequence": 5,
              "title": "gongin",
            },
          },
          "ref": null,
          "rendered": null,
          "type": [Function],
        },
        Object {
          "instance": null,
          "key": "5",
          "nodeType": "function",
          "props": Object {
            "scene": Object {
              "id": 7,
              "image_filename": "fjósið.png",
              "initial_puzzle_id": 25,
              "sequence": 7,
              "title": "fjósið",
            },
          },
          "ref": null,
          "rendered": null,
          "type": [Function],
        },
        Object {
          "instance": null,
          "key": "6",
          "nodeType": "function",
          "props": Object {
            "scene": Object {
              "id": 8,
              "image_filename": "hjallurin.png",
              "initial_puzzle_id": 28,
              "sequence": 8,
              "title": "hjallurin",
            },
          },
          "ref": null,
          "rendered": null,
          "type": [Function],
        },
      ],
      "type": Object {
        "$$typeof": Symbol(react.forward_ref),
        "attrs": Array [],
        "componentStyle": ComponentStyle {
          "componentId": "sc-bxivhb",
          "isStatic": true,
          "rules": Array [
            "
  overflow: auto;  
",
          ],
        },
        "displayName": "SceneListContainer",
        "foldedComponentIds": Array [],
        "render": [Function],
        "styledComponentId": "sc-bxivhb",
        "target": "div",
        "toString": [Function],
        "warnTooManyClasses": [Function],
        "withComponent": [Function],
      },
    },
  ],
  Symbol(enzyme.__options__): Object {
    "adapter": ReactSixteenAdapter {
      "options": Object {
        "enableComponentDidUpdateOnSetState": true,
        "legacyContextMode": "parent",
        "lifecycles": Object {
          "componentDidUpdate": Object {
            "onSetState": true,
          },
          "getChildContext": Object {
            "calledByRenderer": false,
          },
          "getDerivedStateFromProps": true,
          "getSnapshotBeforeUpdate": true,
          "setState": Object {
            "skipsComponentDidUpdateOnNullish": true,
          },
        },
      },
    },
  },
}
`;
