// Jest Snapshot v1, https://goo.gl/fbAQLP

exports[`should render correctly 1`] = `
<div>
  <div
    class="sc-bdVaJa crgcgU"
  >
    <div
      class="sc-bwzfXH brfdCc"
    >
      <img
        class="sc-htpNat hFgGyf"
        src="images/logo.png"
      />
      <div
        class="sc-bxivhb DwAvV"
      >
        Puzzle Admin System
      </div>
      <div
        class="sc-ifAKCX dEMvjk"
      >
        <div
          class="sc-EHOje kIVrKf"
        >
          Login
        </div>
      </div>
    </div>
  </div>
</div>
`;
