// Jest Snapshot v1, https://goo.gl/fbAQLP

exports[`should render correctly 1`] = `
<div>
  <div
    class="sc-bdVaJa fePDys"
    data-testid="DragItemsContainer"
  >
    <img
      class="sc-bwzfXH bFHdpU"
      data-testid="DragItemsImage"
      src="https://via.placeholder.com/400x800?text=DragItems"
    />
  </div>
</div>
`;
