// Jest Snapshot v1, https://goo.gl/fbAQLP

exports[`should render correctly 1`] = `
<div>
  <div
    class="sc-bdVaJa jnSMQf"
    data-testid="DragItemsContainer"
  >
    <div
      class="drag1 sc-bwzfXH wxsdf"
    >
      Loading...
    </div>
    <div
      class="drag2 sc-bwzfXH wxsdf"
    />
    <div
      class="drag3 sc-bwzfXH wxsdf"
    />
    <div
      class="drag4 sc-bwzfXH wxsdf"
    />
  </div>
</div>
`;
