// Jest Snapshot v1, https://goo.gl/fbAQLP

exports[`should render correctly 1`] = `
<div>
  <div
    class="sc-bdVaJa cLplVt"
    data-testid="SceneContainer"
  >
    <form
      class="sc-bwzfXH icviFT"
    >
      <input
        class="sc-htpNat jYNbVO"
        name="title"
        type="text"
        value="Lorum ipsum"
      />
    </form>
    <div
      class="sc-bxivhb kMcuwI"
    >
      &gt;
    </div>
  </div>
</div>
`;
