// Jest Snapshot v1, https://goo.gl/fbAQLP

exports[`should render correctly 1`] = `
<div>
  <div
    class="sc-kgoBCf emYCld"
    data-testid="ScenesContainer"
  >
    <div
      class="sc-ifAKCX kGRoCY"
      data-testid="SceneListContainer"
    >
      <div
        class="sc-EHOje bJWVZd"
      >
        Loading...
      </div>
    </div>
    <div
      class="sc-gqjmRU cMsUfQ"
      data-testid="PuzzleListContainer"
    >
      <div
        class="sc-VigVT dxKgRr"
      >
        Loading...
      </div>
    </div>
    <div
      class="sc-jTzLTM bLPztG"
      data-testid="PuzzleItemsContainer"
    >
      <div
        class="sc-fjdhpX AUMvr"
        data-testid="DragItemsContainer"
      >
        <img
          class="sc-jzJRlG istBgv"
          data-testid="DragItemsImage"
          src="https://via.placeholder.com/400x800?text=DragItems"
        />
      </div>
      <div
        class="sc-cSHVUG bubdaT"
        data-testid="DragLogicsContainer"
      />
      <div
        class="sc-kAzzGY eVuYop"
        data-testid="TargetItemsContainer"
      />
      <div
        class="sc-chPdSV AGhxe"
        data-testid="PuzzleItemPropertiesContainer"
      />
    </div>
  </div>
</div>
`;
