// Jest Snapshot v1, https://goo.gl/fbAQLP

exports[`should render correctly 1`] = `
<div>
  <div
    class="sc-cMljjf ebwIqK"
    data-testid="ScenesContainer"
  >
    <div
      class="sc-ifAKCX kGRoCY"
      data-testid="SceneListContainer"
    >
      <div
        class="sc-EHOje bJWVZd"
      >
        Loading...
      </div>
    </div>
    <div
      class="sc-gqjmRU cMsUfQ"
      data-testid="PuzzleListContainer"
    >
      <div
        class="sc-VigVT dxKgRr"
      >
        Loading...
      </div>
    </div>
    <div
      class="sc-jTzLTM bInSG"
      data-testid="PuzzleItemsContainer"
    >
      <div
        class="sc-fjdhpX fKhFGW"
        data-testid="PuzzleItemsBox"
      >
        <div
          class="sc-jzJRlG jxZJty"
          data-testid="DragItemsContainer"
        >
          <div
            class="drag1 sc-cSHVUG bpgZQk"
          >
            Loading...
          </div>
          <div
            class="drag2 sc-cSHVUG bpgZQk"
          />
          <div
            class="drag3 sc-cSHVUG bpgZQk"
          />
          <div
            class="drag4 sc-cSHVUG bpgZQk"
          />
        </div>
        <div
          class="sc-jKJlTe iPrhGp"
          data-testid="TargetItemsContainer"
        >
          <div
            class="target1 sc-eNQAEJ kHioKA"
          >
            Loading...
          </div>
          <div
            class="target2 sc-eNQAEJ kHioKA"
          />
          <div
            class="target3 sc-eNQAEJ kHioKA"
          />
          <div
            class="target4 sc-eNQAEJ kHioKA"
          />
        </div>
      </div>
      <div
        class="sc-jWBwVP gSTEyx"
        data-testid="PuzzleItemPropertiesContainer"
      >
        <img
          class="sc-brqgnP ygVYg"
          data-testid="PuzzleItemPropertiesImage"
          src="https://via.placeholder.com/640x200?text=PuzzleItemProperties"
        />
      </div>
    </div>
  </div>
</div>
`;
