// Jest Snapshot v1, https://goo.gl/fbAQLP

exports[`should render correctly 1`] = `
<div>
  <div
    class="sc-bdVaJa jnSMQf"
    data-testid="TargetItemsContainer"
  >
    <div
      class="target1 sc-bwzfXH wxsdf"
    >
      Loading...
    </div>
    <div
      class="target2 sc-bwzfXH wxsdf"
    />
    <div
      class="target3 sc-bwzfXH wxsdf"
    />
    <div
      class="target4 sc-bwzfXH wxsdf"
    />
  </div>
</div>
`;
